# uart_pairs: RV32I, 27 words, assembled by incumbents/common/rvasm.py
0000: 00100293  addi t0, x0, 1
0004: fe502823  sw   t0, -16(x0)
0008: 0580006f  j    poll
000c: 00151513  slli a0, a0, 1
0010: 20056513  ori  a0, a0, 0x200
0014: fea02823  sw   a0, -16(x0)
0018: 00155513  srli a0, a0, 1
001c: fea02823  sw   a0, -16(x0)
0020: 00155513  srli a0, a0, 1
0024: fea02823  sw   a0, -16(x0)
0028: 00155513  srli a0, a0, 1
002c: fea02823  sw   a0, -16(x0)
0030: 00155513  srli a0, a0, 1
0034: fea02823  sw   a0, -16(x0)
0038: 00155513  srli a0, a0, 1
003c: fea02823  sw   a0, -16(x0)
0040: 00155513  srli a0, a0, 1
0044: fea02823  sw   a0, -16(x0)
0048: 00155513  srli a0, a0, 1
004c: fea02823  sw   a0, -16(x0)
0050: 00155513  srli a0, a0, 1
0054: fea02823  sw   a0, -16(x0)
0058: 00155513  srli a0, a0, 1
005c: fea02823  sw   a0, -16(x0)
0060: ff802503  lw   a0, -8(x0)
0064: fa0544e3  blt  a0, x0, send
0068: ff9ff06f  j    poll
