# spi_unrolled: RV32I, 71 words, assembled by incumbents/common/rvasm.py
0000: fe002823  sw   x0, -16(x0)
0004: 10c0006f  j    poll
0008: 08057313  andi t1, a0, 0x80
000c: fe602823  sw   t1, -16(x0)
0010: 00136313  ori  t1, t1, 1
0014: fe602823  sw   t1, -16(x0)
0018: ff402383  lw   t2, -12(x0)
001c: 0013f393  andi t2, t2, 1
0020: 00a50533  add  a0, a0, a0
0024: 00756533  or   a0, a0, t2
0028: 08057313  andi t1, a0, 0x80
002c: fe602823  sw   t1, -16(x0)
0030: 00136313  ori  t1, t1, 1
0034: fe602823  sw   t1, -16(x0)
0038: ff402383  lw   t2, -12(x0)
003c: 0013f393  andi t2, t2, 1
0040: 00a50533  add  a0, a0, a0
0044: 00756533  or   a0, a0, t2
0048: 08057313  andi t1, a0, 0x80
004c: fe602823  sw   t1, -16(x0)
0050: 00136313  ori  t1, t1, 1
0054: fe602823  sw   t1, -16(x0)
0058: ff402383  lw   t2, -12(x0)
005c: 0013f393  andi t2, t2, 1
0060: 00a50533  add  a0, a0, a0
0064: 00756533  or   a0, a0, t2
0068: 08057313  andi t1, a0, 0x80
006c: fe602823  sw   t1, -16(x0)
0070: 00136313  ori  t1, t1, 1
0074: fe602823  sw   t1, -16(x0)
0078: ff402383  lw   t2, -12(x0)
007c: 0013f393  andi t2, t2, 1
0080: 00a50533  add  a0, a0, a0
0084: 00756533  or   a0, a0, t2
0088: 08057313  andi t1, a0, 0x80
008c: fe602823  sw   t1, -16(x0)
0090: 00136313  ori  t1, t1, 1
0094: fe602823  sw   t1, -16(x0)
0098: ff402383  lw   t2, -12(x0)
009c: 0013f393  andi t2, t2, 1
00a0: 00a50533  add  a0, a0, a0
00a4: 00756533  or   a0, a0, t2
00a8: 08057313  andi t1, a0, 0x80
00ac: fe602823  sw   t1, -16(x0)
00b0: 00136313  ori  t1, t1, 1
00b4: fe602823  sw   t1, -16(x0)
00b8: ff402383  lw   t2, -12(x0)
00bc: 0013f393  andi t2, t2, 1
00c0: 00a50533  add  a0, a0, a0
00c4: 00756533  or   a0, a0, t2
00c8: 08057313  andi t1, a0, 0x80
00cc: fe602823  sw   t1, -16(x0)
00d0: 00136313  ori  t1, t1, 1
00d4: fe602823  sw   t1, -16(x0)
00d8: ff402383  lw   t2, -12(x0)
00dc: 0013f393  andi t2, t2, 1
00e0: 00a50533  add  a0, a0, a0
00e4: 00756533  or   a0, a0, t2
00e8: 08057313  andi t1, a0, 0x80
00ec: fe602823  sw   t1, -16(x0)
00f0: 00136313  ori  t1, t1, 1
00f4: fe602823  sw   t1, -16(x0)
00f8: ff402383  lw   t2, -12(x0)
00fc: 0013f393  andi t2, t2, 1
0100: 00a50533  add  a0, a0, a0
0104: 00756533  or   a0, a0, t2
0108: fe002823  sw   x0, -16(x0)
010c: fea02e23  sw   a0, -4(x0)
0110: ff802503  lw   a0, -8(x0)
0114: ee054ae3  blt  a0, x0, byte
0118: ff9ff06f  j    poll
