     -.--ns INFO     gpi                                ..mbed/gpi_embed.cpp:94   in _embed_init_python              Using Python 3.9.13 interpreter at /Users/mohammedbala/Documents/chipwheel/.venv/bin/python
     -.--ns INFO     gpi                                ../gpi/GpiCommon.cpp:79   in gpi_print_registered_impl       VPI registered
     0.00ns INFO     cocotb                             Running on Icarus Verilog version 13.0 (stable)
     0.00ns INFO     cocotb                             Seeding Python random module with supplied seed 20261003
     0.00ns INFO     cocotb                             Initialized cocotb v2.0.1 from /Users/mohammedbala/Documents/chipwheel/.venv/lib/python3.9/site-packages/cocotb
     0.00ns INFO     cocotb                             Running tests
     0.00ns INFO     cocotb.regression                  running test.chipwheel_regression (1/1)
 10500.00ns WARNING  .._regression.chipwheel_regression UART byte=65 B=8 edge=E10: got 0, expected 1
                                                        assert 0 == 1
                                                        Traceback (most recent call last):
                                                          File "/Users/mohammedbala/Documents/chipwheel/.venv/lib/python3.9/site-packages/cocotb/regression.py", line 378, in func
                                                            await with_timeout(f(*args, **kwargs), timeout, self._test.timeout_unit)
                                                          File "/Users/mohammedbala/Documents/chipwheel/.venv/lib/python3.9/site-packages/cocotb/_extended_awaitables.py", line 411, in with_timeout
                                                            res = await First(timeout_timer, trigger)
                                                          File "/Users/mohammedbala/Documents/chipwheel/.venv/lib/python3.9/site-packages/cocotb/_extended_awaitables.py", line 203, in _wait
                                                            return completed[0].result()
                                                          File "/Users/mohammedbala/Documents/chipwheel/.venv/lib/python3.9/site-packages/cocotb/task.py", line 450, in result
                                                            return cast("Outcome[ResultType]", self._outcome).get()
                                                          File "/Users/mohammedbala/Documents/chipwheel/.venv/lib/python3.9/site-packages/cocotb/_outcomes.py", line 51, in get
                                                            raise self.error
                                                          File "/Users/mohammedbala/Documents/chipwheel/.venv/lib/python3.9/site-packages/cocotb/_extended_awaitables.py", line 73, in _wait_callback
                                                            return await trigger
                                                          File "/Users/mohammedbala/Documents/chipwheel/.venv/lib/python3.9/site-packages/cocotb/task.py", line 493, in __await__
                                                            return self.result()
                                                          File "/Users/mohammedbala/Documents/chipwheel/.venv/lib/python3.9/site-packages/cocotb/task.py", line 450, in result
                                                            return cast("Outcome[ResultType]", self._outcome).get()
                                                          File "/Users/mohammedbala/Documents/chipwheel/.venv/lib/python3.9/site-packages/cocotb/_outcomes.py", line 51, in get
                                                            raise self.error
                                                          File "/Users/mohammedbala/Documents/chipwheel/test/test.py", line 188, in chipwheel_regression
                                                            await b.frame(65, 8, demo=True)
                                                          File "/Users/mohammedbala/Documents/chipwheel/test/test.py", line 82, in frame
                                                            check_uart(byte, duration, observed)
                                                          File "/Users/mohammedbala/Documents/chipwheel/test/checker.py", line 12, in check_uart
                                                            assert actual == want, f'UART byte={byte} B={bit_cycles} edge=E{edge}: got {actual}, expected {want}'
                                                        AssertionError: UART byte=65 B=8 edge=E10: got 0, expected 1
                                                        assert 0 == 1
 10500.00ns WARNING  cocotb.regression                  test.chipwheel_regression failed
 10500.00ns INFO     cocotb.regression                  **************************************************************************************
                                                        ** TEST                          STATUS  SIM TIME (ns)  REAL TIME (s)  RATIO (ns/s) **
                                                        **************************************************************************************
                                                        ** test.chipwheel_regression      FAIL       10500.00           0.01    1617875.61  **
                                                        **************************************************************************************
                                                        ** TESTS=1 PASS=0 FAIL=1 SKIP=0              10500.00           0.01     939844.90  **
                                                        **************************************************************************************
{
  "completed_transactions": 1,
  "checked_transactions": 0,
  "instruction_cases": 0,
  "failures": 1,
  "timeouts": 0,
  "simulated_clock_cycles": 105,
  "simulation_wall_seconds": 0.004242915999999999,
  "checked_transactions_per_second": 0.0,
  "status": "failed",
  "source_content_sha256": "2a3057073be0e6a8ba3e356d04a44b0ca73c33ebd0680473e2e5542db82b1810",
  "rtl_sha256": "de829a029aa06355b415a25805298f817e8466c418b26f57fc4749497ca8e8e3",
  "source_revision": "b86a2a781484bcab7ba522dc5de540086695a430",
  "revision_note": "worktree content hash identifies local changes",
  "mode": "mutation",
  "seed": 20261003,
  "requested_random_transactions": 0,
  "build_wall_seconds": 0.010584499999999997,
  "simulation_process_wall_seconds": 0.128634917,
  "peak_child_rss_bytes": 41664512,
  "peak_rss_note": "macOS bytes; process-family maximum including compile, not simulator-only",
  "configuration": {
    "clock_hz": 10000000,
    "words": 32,
    "word_bits": 16,
    "waves": false
  },
  "tools": {
    "python": "3.9.6",
    "cocotb": "2.0.1",
    "iverilog": "Icarus Verilog version 13.0 (stable) (v13_0)"
  },
  "host": "macOS-26.4-arm64-arm-64bit",
  "runner_error": null
}
